// Jest Snapshot v1, https://goo.gl/fbAQLP

exports[`ProfilePage matches the snapshot 1`] = `
<DocumentFragment>
  <header
    class="block w-full"
  >
    <div
      data-testid="navbar"
    >
      Navbar
    </div>
  </header>
  <main
    class="flex justify-center items-center min-h-screen px-4 dark"
  >
    <div
      data-testid="profile"
    >
      Profile
    </div>
  </main>
</DocumentFragment>
`;
